
Memory Configuration

Name             Origin             Length             Attributes
*default*        0x0000000000000000 0xffffffffffffffff

Linker script and memory map

                0x0000000000000000                . = 0x0

.text           0x0000000000000000     0x2000
 *(.text)
 .text          0x0000000000000000     0x15a4 boot/head.o
                0x0000000000000000                startup_32
                0x0000000000000106                setup_gdt
                0x000000000000010e                setup_idt
                0x000000000000012b                rp_sidt
                0x000000000000013e                set_base
                0x0000000000000153                write_char
                0x0000000000000186                ignore_int
                0x000000000000019e                timer_interrupt
                0x00000000000001e2                system_interrupt
                0x00000000000001f9                current
                0x00000000000001fd                scr_loc
                0x0000000000000204                lidt_opcode
                0x000000000000020c                lgdt_opcode
                0x0000000000000218                idt
                0x0000000000000a18                gdt
                0x0000000000000a58                end_gdt
                0x0000000000000c58                stack_ptr
                0x0000000000000c60                ldt0
                0x0000000000000c78                tss0
                0x0000000000000ee0                stack0_krn_ptr
                0x0000000000000ee8                ldt1
                0x0000000000000f00                tss1
                0x0000000000001168                stack1_krn_ptr
                0x000000000000116c                task0
                0x0000000000001384                stack0_ptr
                0x0000000000001388                task1
                0x00000000000015a0                stack1_ptr
                0x0000000000002000                . = 0x2000
 *fill*         0x00000000000015a4      0xa5c 

.data           0x0000000000002000        0x0
 *(.data)
 .data          0x0000000000002000        0x0 boot/head.o
LOAD boot/head.o
OUTPUT(tools/system binary)

.bss            0x0000000000002000        0x0
 .bss           0x0000000000002000        0x0 boot/head.o

.debug_line     0x0000000000000000       0xf1
 .debug_line    0x0000000000000000       0xf1 boot/head.o

.debug_info     0x0000000000000000       0xb8
 .debug_info    0x0000000000000000       0xb8 boot/head.o

.debug_abbrev   0x0000000000000000       0x14
 .debug_abbrev  0x0000000000000000       0x14 boot/head.o

.debug_aranges  0x0000000000000000       0x20
 .debug_aranges
                0x0000000000000000       0x20 boot/head.o
